// Jest Snapshot v1, https://goo.gl/fbAQLP

exports[`Resume Has sensible default when empty constructor 1`] = `
Resume {
  "awards": Array [],
  "basics": Object {
    "label": "Programmer",
    "name": "John Doe",
    "summary": "A summary of John Doe...",
  },
  "education": Array [],
  "interests": Array [],
  "languages": Array [],
  "publications": Array [],
  "references": Array [],
  "skills": Array [],
  "volunteer": Array [],
  "work": Array [],
}
`;
